============================= test session starts =============================
platform win32 -- Python 3.9.12, pytest-7.4.4, pluggy-1.0.0
rootdir: D:\Projects\Rekall
plugins: anyio-3.7.1, asyncio-0.23.3
asyncio: mode=strict
collected 167 items

tests\test_brief.py ...............................                      [ 18%]
tests\test_checkpoint.py ........                                        [ 23%]
tests\test_cli.py .....F...................                              [ 38%]
tests\test_dogfood.py ..                                                 [ 39%]
tests\test_idempotency_key.py ...........                                [ 46%]
tests\test_init.py .......                                               [ 50%]
tests\test_mcp_cli.py ..                                                 [ 51%]
tests\test_mcp_server.py .................F...............F.....         [ 74%]
tests\test_mcp_validate.py .................F.......                     [ 89%]
tests\test_state_scaling.py .....                                        [ 92%]
tests\test_state_store.py ........                                       [ 97%]
tests\test_vault_discovery.py ....                                       [100%]

================================== FAILURES ===================================
______________________________ test_cmd_handoff _______________________________

temp_store = WindowsPath('C:/Users/TR/AppData/Local/Temp/tmphy80rfym')

    def test_cmd_handoff(temp_store):
        out_dir = temp_store / "handoff_out"
        args = Namespace(
            store_dir=str(temp_store), project_id="test_proj", out=str(out_dir)
        )
    
        cmd_handoff(args)
    
>       assert out_dir.exists()
E       AssertionError: assert False
E        +  where False = <bound method Path.exists of WindowsPath('C:/Users/TR/AppData/Local/Temp/tmphy80rfym/handoff_out')>()
E        +    where <bound method Path.exists of WindowsPath('C:/Users/TR/AppData/Local/Temp/tmphy80rfym/handoff_out')> = WindowsPath('C:/Users/TR/AppData/Local/Temp/tmphy80rfym/handoff_out').exists

tests\test_cli.py:107: AssertionError
---------------------------- Captured stderr setup ----------------------------
INFO: Initializing minimal structure in C:\Users\TR\AppData\Local\Temp\tmphy80rfym/...
---------------------------- Captured stdout call -----------------------------
Handoff is deprecated in v0.2. Use `rekall brief` instead.
__________________________ test_exec_query_on_track ___________________________

monkeypatch = <_pytest.monkeypatch.MonkeyPatch object at 0x0000017DB437BEB0>
tmp_path = WindowsPath('C:/Users/TR/AppData/Local/Temp/pytest-of-TR/pytest-207/test_exec_query_on_track0')

    def test_exec_query_on_track(monkeypatch, tmp_path):
        import shutil
    
        shutil.copytree(SAMPLE_DIR, tmp_path, dirs_exist_ok=True)
        monkeypatch.setenv("REKALL_ARTIFACT_PATH", str(tmp_path))
        mcp_server._store = None
    
        from rekall.server.mcp_server import exec_query, get_store, work_update
    
        store = get_store()
    
        # 1. By default, sample artifact actually has 2 blocked items
        res = exec_query({"project_id": "prj_646d63703ec5", "query_type": "ON_TRACK"})[0]
        er = res.get("executive_response")
        assert er is not None
>       assert er["confidence"] == "high"
E       AssertionError: assert 'medium' == 'high'
E         - high
E         + medium

tests\test_mcp_server.py:478: AssertionError
_________________________ test_exec_query_dispatcher __________________________

monkeypatch = <_pytest.monkeypatch.MonkeyPatch object at 0x0000017DB435DFA0>

    def test_exec_query_dispatcher(monkeypatch):
        from rekall.server.mcp_server import exec_natural_query
        # 1. Test canonical fallback
        args = {"project_id": "prj_646d63703ec5", "query_type": "ON_TRACK"}
        res = exec_natural_query(args)[0]
        assert "executive_response" in res
>       assert res["executive_response"]["confidence"] == "high"
E       AssertionError: assert 'medium' == 'high'
E         - high
E         + medium

tests\test_mcp_server.py:955: AssertionError
_________ TestRunMCPValidationIntegration.test_full_validation_passes _________

self = <test_mcp_validate.TestRunMCPValidationIntegration object at 0x0000017DB42EDE20>
server_cmd = 'C:\\Users\\TR\\anaconda3\\python.exe D:\\Projects\\Rekall\\src\\rekall\\server\\mcp_server.py'

    def test_full_validation_passes(self, server_cmd):
        report = run_mcp_validation(server_cmd, strict=False)
>       assert report["ok"] is True
E       assert False is True

tests\test_mcp_validate.py:201: AssertionError
=========================== short test summary info ===========================
FAILED tests/test_cli.py::test_cmd_handoff - AssertionError: assert False
FAILED tests/test_mcp_server.py::test_exec_query_on_track - AssertionError: a...
FAILED tests/test_mcp_server.py::test_exec_query_dispatcher - AssertionError:...
FAILED tests/test_mcp_validate.py::TestRunMCPValidationIntegration::test_full_validation_passes
======================== 4 failed, 163 passed in 7.89s ========================
