============================= test session starts =============================
platform win32 -- Python 3.9.12, pytest-7.4.4, pluggy-1.0.0 -- C:\Users\TR\anaconda3\python.exe
cachedir: .pytest_cache
rootdir: D:\Projects\Rekall
plugins: anyio-3.7.1, asyncio-0.23.3
asyncio: mode=strict
collecting ... collected 38 items

tests/test_mcp_server.py::test_project_get PASSED                        [  2%]
tests/test_mcp_server.py::test_work_list PASSED                          [  5%]
tests/test_mcp_server.py::test_work_list_filters PASSED                  [  7%]
tests/test_mcp_server.py::test_work_get PASSED                           [ 10%]
tests/test_mcp_server.py::test_timeline_list PASSED                      [ 13%]
tests/test_mcp_server.py::test_create_adds_new PASSED                    [ 15%]
tests/test_mcp_server.py::test_claim_increments_version PASSED           [ 18%]
tests/test_mcp_server.py::test_version_mismatch_conflict PASSED          [ 21%]
tests/test_mcp_server.py::test_non_claimant_rejected PASSED              [ 23%]
tests/test_mcp_server.py::test_renew_extends_lease PASSED                [ 26%]
tests/test_mcp_server.py::test_release_clears_claim PASSED               [ 28%]
tests/test_mcp_server.py::test_attempt_append_idempotency PASSED         [ 31%]
tests/test_mcp_server.py::test_decision_propose_idempotency PASSED       [ 34%]
tests/test_mcp_server.py::test_timeline_append_idempotency PASSED        [ 36%]
tests/test_mcp_server.py::test_decision_approve_forbidden_without_capability PASSED [ 39%]
tests/test_mcp_server.py::test_decision_approve_success_with_capability PASSED [ 42%]
tests/test_mcp_server.py::test_activity_event_emitted PASSED             [ 44%]
tests/test_mcp_server.py::test_exec_query_on_track PASSED                [ 47%]
tests/test_mcp_server.py::test_exec_query_blockers PASSED                [ 50%]
tests/test_mcp_server.py::test_exec_query_changed_since FAILED           [ 52%]
tests/test_mcp_server.py::test_exec_query_resume_in_30 PASSED            [ 55%]
tests/test_mcp_server.py::test_artifact_append_idempotency PASSED        [ 57%]
tests/test_mcp_server.py::test_research_append PASSED                    [ 60%]
tests/test_mcp_server.py::test_link_append PASSED                        [ 63%]
tests/test_mcp_server.py::test_anchor_save_resume PASSED                 [ 65%]
tests/test_mcp_server.py::test_digest_while_you_were_gone PASSED         [ 68%]
tests/test_mcp_server.py::test_graph_trace PASSED                        [ 71%]
tests/test_mcp_server.py::test_propose_and_approve_capture_contract FAILED [ 73%]
tests/test_mcp_server.py::test_wait_for_approval_contract FAILED         [ 76%]
tests/test_mcp_server.py::test_actuator_cli PASSED                       [ 78%]
tests/test_mcp_server.py::test_actuator_file_write PASSED                [ 81%]
tests/test_mcp_server.py::test_policy_preflight PASSED                   [ 84%]
tests/test_mcp_server.py::test_guard_query PASSED                        [ 86%]
tests/test_mcp_server.py::test_guard_query_missing_project_id PASSED     [ 89%]
tests/test_mcp_server.py::test_exec_query_dispatcher PASSED              [ 92%]
tests/test_mcp_server.py::test_exec_query_dispatcher_natural PASSED      [ 94%]
tests/test_mcp_server.py::test_stale_lock_cleanup FAILED                 [ 97%]
tests/test_mcp_server.py::test_mcp_handle_request_tool_crash PASSED      [100%]

================================== FAILURES ===================================
________________________ test_exec_query_changed_since ________________________

monkeypatch = <_pytest.monkeypatch.MonkeyPatch object at 0x00000219EF219AF0>
tmp_path = WindowsPath('C:/Users/TR/AppData/Local/Temp/pytest-of-TR/pytest-162/test_exec_query_changed_since0')

    def test_exec_query_changed_since(monkeypatch, tmp_path):
        import shutil
    
        shutil.copytree(SAMPLE_DIR, tmp_path, dirs_exist_ok=True)
        monkeypatch.setenv("REKALL_ARTIFACT_PATH", str(tmp_path))
        mcp_server._store = None
    
        from rekall.server.mcp_server import exec_query, timeline_append
    
        # Add an event
        eid = f"evt-new-{uuid.uuid4().hex[:8]}"
        timeline_append(
            {
                "project_id": "prj_646d63703ec5",
                "event": {"event_id": eid, "message": "hello"},
                "actor": {"actor_type": "human", "actor_id": "u-1"},
            }
        )
    
        import datetime
    
        yesterday = (
            datetime.datetime.now(datetime.timezone.utc) - datetime.timedelta(days=1)
        ).isoformat()
    
        res = exec_query(
            {
                "project_id": "prj_646d63703ec5",
                "query_type": "CHANGED_SINCE",
                "since": yesterday,
            }
        )[0]
        er = res["executive_response"]
>       assert any("activities since" in s for s in er["summary"])
E       assert False
E        +  where False = any(<generator object test_exec_query_changed_since.<locals>.<genexpr> at 0x00000219EF1E7C10>)

tests\test_mcp_server.py:558: AssertionError
__________________ test_propose_and_approve_capture_contract __________________

monkeypatch = <_pytest.monkeypatch.MonkeyPatch object at 0x00000219EF342280>
tmp_path = WindowsPath('C:/Users/TR/AppData/Local/Temp/pytest-of-TR/pytest-162/test_propose_and_approve_captu0')

    def test_propose_and_approve_capture_contract(monkeypatch, tmp_path):
        import shutil
    
        shutil.copytree(SAMPLE_DIR, tmp_path, dirs_exist_ok=True)
        monkeypatch.setenv("REKALL_ARTIFACT_PATH", str(tmp_path))
        from rekall.server.mcp_server import (
            capture_approval,
            capture_outcome,
            get_store,
            propose_action,
        )
    
        mcp_server._store = None
        actor = {"actor_type": "agent", "actor_id": "ag-1"}
    
        # 1. Propose action
        res1 = propose_action(
            {
                "project_id": "prj_1",
                "action_type": "run_command",
                "params": {"cmd": "npm install"},
                "risk_hint": "modifies node_modules",
                "context": {"cwd": "/app"},
                "actor": actor,
            }
        )[0]
        assert "action_id" in res1
        assert "action_hash" in res1
        action_id = res1["action_id"]
    
        # 2. Capture approval
        decision_id = f"dec-{uuid.uuid4().hex[:8]}"
        human_actor = {"actor_type": "human", "actor_id": "u-1"}
        res2 = capture_approval(
            {
                "project_id": "prj_1",
                "decision_id": decision_id,
                "action_id": action_id,
                "decision": "approve",
                "note": "Looks safe to me",
                "actor": human_actor,
            }
        )[0]
        assert res2["status"] == "success"
        assert "decision_id" in res2
        assert "anchor_id" in res2
    
        # 3. Capture outcome
        res3 = capture_outcome(
            {
                "project_id": "prj_1",
                "action_id": action_id,
                "outcome_metadata": {"exit_code": 0, "stdout": "installed 5 packages"},
                "actor": actor,
            }
        )[0]
        assert res3["status"] == "success"
        assert "attempt_id" in res3
    
        # Check store streams
        store = get_store()
        actions = store._load_jsonl("actions.jsonl")
>       assert any(a["action_id"] == action_id for a in actions)
E       assert False
E        +  where False = any(<generator object test_propose_and_approve_capture_contract.<locals>.<genexpr> at 0x00000219EF1E7E40>)

tests\test_mcp_server.py:764: AssertionError
_______________________ test_wait_for_approval_contract _______________________

monkeypatch = <_pytest.monkeypatch.MonkeyPatch object at 0x00000219EF3331F0>
tmp_path = WindowsPath('C:/Users/TR/AppData/Local/Temp/pytest-of-TR/pytest-162/test_wait_for_approval_contrac0')

    def test_wait_for_approval_contract(monkeypatch, tmp_path):
        import shutil
    
        shutil.copytree(SAMPLE_DIR, tmp_path, dirs_exist_ok=True)
        monkeypatch.setenv("REKALL_ARTIFACT_PATH", str(tmp_path))
        from rekall.server.mcp_server import (
            get_store,
            propose_action,
            wait_for_approval,
        )
    
        mcp_server._store = None
        actor = {"actor_type": "agent", "actor_id": "ag-1"}
    
        # 1. Propose action
        res1 = propose_action(
            {
                "project_id": "prj_1",
                "action_type": "delete_db",
                "params": {"force": True},
                "risk_hint": "destructive",
                "context": {"cwd": "/"},
                "actor": actor,
            }
        )[0]
        action_id = res1["action_id"]
    
        # 2. Agent waits
        decision_id = f"dec-{uuid.uuid4().hex[:8]}"
        res2 = wait_for_approval(
            {
                "project_id": "prj_1",
                "decision_id": decision_id,
                "action_id": action_id,
                "prompt": "Waiting for human to verify delete_db",
                "actor": actor,
            }
        )[0]
    
        assert res2["status"] == "PAUSE_AND_EXIT"
        assert "exit your loop" in res2["message"]
        assert res2["decision_id"] == decision_id
        assert res2["action_id"] == action_id
    
        # Verify StateStore contains WaitingOnHuman event
        store = get_store()
        actions = store._load_stream("actions.jsonl")
    
        wait_events = [e for e in actions if e.get("type") == "WaitingOnHuman" and e.get("decision_id") == decision_id]
>       assert len(wait_events) == 1
E       assert 0 == 1
E        +  where 0 = len([])

tests\test_mcp_server.py:825: AssertionError
___________________________ test_stale_lock_cleanup ___________________________

monkeypatch = <_pytest.monkeypatch.MonkeyPatch object at 0x00000219EF219A00>
tmp_path = WindowsPath('C:/Users/TR/AppData/Local/Temp/pytest-of-TR/pytest-162/test_stale_lock_cleanup0')

    def test_stale_lock_cleanup(monkeypatch, tmp_path):
        import time
        import json
        from rekall.core.state_store import StateStore
    
        # 1. Setup store with required files
        store_dir = tmp_path / "store"
        store_dir.mkdir()
        (store_dir / "schema-version.txt").write_text("0.1", encoding="utf-8")
        (store_dir / "project.yaml").write_text("project_id: prj_1", encoding="utf-8")
        (store_dir / "envs.yaml").write_text("environments: {}", encoding="utf-8")
        (store_dir / "access.yaml").write_text("roles: {}", encoding="utf-8")
    
        # Create manifest to prevent initialization errors
        manifest = {
            "streams": {},
            "last_checkpoint": None,
            "schema_version": "0.1",
        }
        (store_dir / "manifest.json").write_text(json.dumps(manifest), encoding="utf-8")
    
        store = StateStore(store_dir)
    
        # 2. Create a "stale" lock file (31s old)
        stream_name = "activity"
        stream_dir = store_dir / "streams" / stream_name
        stream_dir.mkdir(parents=True)
        active_file = stream_dir / "active.jsonl"
        active_file.touch()
        lock_file = active_file.with_suffix(".lock")
        lock_file.touch()
    
        # Backdate the lock file
        old_time = time.time() - 60
        import os
        os.utime(lock_file, (old_time, old_time))
    
        # 3. Running an append should cleanup the lock and succeed
        store.append_jsonl_idempotent(stream_name, {"type": "TestEvent", "id": "1"}, "id")
    
>       assert not lock_file.exists()
E       AssertionError: assert not True
E        +  where True = <bound method Path.exists of WindowsPath('C:/Users/TR/AppData/Local/Temp/pytest-of-TR/pytest-162/test_stale_lock_cleanup0/store/streams/activity/active.lock')>()
E        +    where <bound method Path.exists of WindowsPath('C:/Users/TR/AppData/Local/Temp/pytest-of-TR/pytest-162/test_stale_lock_cleanup0/store/streams/activity/active.lock')> = WindowsPath('C:/Users/TR/AppData/Local/Temp/pytest-of-TR/pytest-162/test_stale_lock_cleanup0/store/streams/activity/active.lock').exists

tests\test_mcp_server.py:1021: AssertionError
=========================== short test summary info ===========================
FAILED tests/test_mcp_server.py::test_exec_query_changed_since - assert False
FAILED tests/test_mcp_server.py::test_propose_and_approve_capture_contract - ...
FAILED tests/test_mcp_server.py::test_wait_for_approval_contract - assert 0 == 1
FAILED tests/test_mcp_server.py::test_stale_lock_cleanup - AssertionError: as...
======================== 4 failed, 34 passed in 2.35s =========================
